WARNING:root:Hi there 
INFO:root:Hi
ERROR:root:error
